--------------------------------------------------------------------------------
Release 10.1 Trace  (lin64)
Copyright (c) 1995-2008 Xilinx, Inc.  All rights reserved.

/nfs/sw_cmc/x86_64.EL7/tools/xilinx_10.1/ISE/bin/lin64/unwrapped/trce
CSA_24bit_out CSA_24bit.pcf -v 10 -o CSA_24bit_out

Design file:              CSA_24bit_out.ncd
Physical constraint file: CSA_24bit.pcf
Device,package,speed:     xc2vp20,ff896,-7 (PRODUCTION 1.94 2008-01-09)
Report level:             verbose report, limited to 10 items per constraint

Environment Variable      Effect 
--------------------      ------ 
NONE                      No environment variables were set
--------------------------------------------------------------------------------

INFO:Timing:2698 - No timing constraints found, doing default enumeration.
INFO:Timing:2752 - To get complete path coverage, use the unconstrained paths 
   option. All paths that are not constrained will be reported in the 
   unconstrained paths section(s) of the report.
INFO:Timing:3339 - The clock-to-out numbers in this timing report are based on 
   a 50 Ohm transmission line loading model.  For the details of this model, 
   and for more information on accounting for different loading conditions, 
   please see the device datasheet.



Data Sheet report:
-----------------
All values displayed in nanoseconds (ns)

Pad to Pad
---------------+---------------+---------+
Source Pad     |Destination Pad|  Delay  |
---------------+---------------+---------+
in_a(0)        |carryout       |    8.431|
in_a(0)        |sum(0)         |    4.000|
in_a(0)        |sum(1)         |    4.153|
in_a(0)        |sum(2)         |    4.549|
in_a(0)        |sum(3)         |    5.312|
in_a(0)        |sum(4)         |    5.759|
in_a(0)        |sum(5)         |    5.737|
in_a(0)        |sum(6)         |    5.962|
in_a(0)        |sum(7)         |    5.828|
in_a(0)        |sum(8)         |    6.534|
in_a(0)        |sum(9)         |    6.564|
in_a(0)        |sum(10)        |    6.343|
in_a(0)        |sum(11)        |    7.066|
in_a(0)        |sum(12)        |    7.342|
in_a(0)        |sum(13)        |    7.649|
in_a(0)        |sum(14)        |    7.031|
in_a(0)        |sum(15)        |    7.419|
in_a(0)        |sum(16)        |    8.274|
in_a(0)        |sum(17)        |    9.007|
in_a(0)        |sum(18)        |    8.430|
in_a(0)        |sum(19)        |    8.117|
in_a(0)        |sum(20)        |    8.474|
in_a(0)        |sum(21)        |    9.582|
in_a(0)        |sum(22)        |    9.675|
in_a(0)        |sum(23)        |    9.316|
in_a(1)        |carryout       |    8.098|
in_a(1)        |sum(1)         |    3.732|
in_a(1)        |sum(2)         |    4.216|
in_a(1)        |sum(3)         |    4.979|
in_a(1)        |sum(4)         |    5.426|
in_a(1)        |sum(5)         |    5.404|
in_a(1)        |sum(6)         |    5.629|
in_a(1)        |sum(7)         |    5.495|
in_a(1)        |sum(8)         |    6.201|
in_a(1)        |sum(9)         |    6.231|
in_a(1)        |sum(10)        |    6.010|
in_a(1)        |sum(11)        |    6.733|
in_a(1)        |sum(12)        |    7.009|
in_a(1)        |sum(13)        |    7.316|
in_a(1)        |sum(14)        |    6.698|
in_a(1)        |sum(15)        |    7.086|
in_a(1)        |sum(16)        |    7.941|
in_a(1)        |sum(17)        |    8.674|
in_a(1)        |sum(18)        |    8.097|
in_a(1)        |sum(19)        |    7.784|
in_a(1)        |sum(20)        |    8.141|
in_a(1)        |sum(21)        |    9.249|
in_a(1)        |sum(22)        |    9.342|
in_a(1)        |sum(23)        |    8.983|
in_a(2)        |carryout       |    7.334|
in_a(2)        |sum(2)         |    3.791|
in_a(2)        |sum(3)         |    4.210|
in_a(2)        |sum(4)         |    4.999|
in_a(2)        |sum(5)         |    4.977|
in_a(2)        |sum(6)         |    5.202|
in_a(2)        |sum(7)         |    4.731|
in_a(2)        |sum(8)         |    5.437|
in_a(2)        |sum(9)         |    5.467|
in_a(2)        |sum(10)        |    5.246|
in_a(2)        |sum(11)        |    5.969|
in_a(2)        |sum(12)        |    6.245|
in_a(2)        |sum(13)        |    6.552|
in_a(2)        |sum(14)        |    5.934|
in_a(2)        |sum(15)        |    6.322|
in_a(2)        |sum(16)        |    7.177|
in_a(2)        |sum(17)        |    7.910|
in_a(2)        |sum(18)        |    7.333|
in_a(2)        |sum(19)        |    7.020|
in_a(2)        |sum(20)        |    7.377|
in_a(2)        |sum(21)        |    8.485|
in_a(2)        |sum(22)        |    8.578|
in_a(2)        |sum(23)        |    8.219|
in_a(3)        |carryout       |    7.916|
in_a(3)        |sum(3)         |    4.799|
in_a(3)        |sum(4)         |    4.730|
in_a(3)        |sum(5)         |    4.708|
in_a(3)        |sum(6)         |    4.933|
in_a(3)        |sum(7)         |    5.313|
in_a(3)        |sum(8)         |    6.019|
in_a(3)        |sum(9)         |    6.049|
in_a(3)        |sum(10)        |    5.828|
in_a(3)        |sum(11)        |    6.551|
in_a(3)        |sum(12)        |    6.827|
in_a(3)        |sum(13)        |    7.134|
in_a(3)        |sum(14)        |    6.516|
in_a(3)        |sum(15)        |    6.904|
in_a(3)        |sum(16)        |    7.759|
in_a(3)        |sum(17)        |    8.492|
in_a(3)        |sum(18)        |    7.915|
in_a(3)        |sum(19)        |    7.602|
in_a(3)        |sum(20)        |    7.959|
in_a(3)        |sum(21)        |    9.067|
in_a(3)        |sum(22)        |    9.160|
in_a(3)        |sum(23)        |    8.801|
in_a(4)        |carryout       |    8.059|
in_a(4)        |sum(4)         |    4.649|
in_a(4)        |sum(5)         |    4.631|
in_a(4)        |sum(6)         |    4.875|
in_a(4)        |sum(7)         |    5.456|
in_a(4)        |sum(8)         |    6.162|
in_a(4)        |sum(9)         |    6.192|
in_a(4)        |sum(10)        |    5.971|
in_a(4)        |sum(11)        |    6.694|
in_a(4)        |sum(12)        |    6.970|
in_a(4)        |sum(13)        |    7.277|
in_a(4)        |sum(14)        |    6.659|
in_a(4)        |sum(15)        |    7.047|
in_a(4)        |sum(16)        |    7.902|
in_a(4)        |sum(17)        |    8.635|
in_a(4)        |sum(18)        |    8.058|
in_a(4)        |sum(19)        |    7.745|
in_a(4)        |sum(20)        |    8.102|
in_a(4)        |sum(21)        |    9.210|
in_a(4)        |sum(22)        |    9.303|
in_a(4)        |sum(23)        |    8.944|
in_a(5)        |carryout       |    7.908|
in_a(5)        |sum(5)         |    4.709|
in_a(5)        |sum(6)         |    4.220|
in_a(5)        |sum(7)         |    5.305|
in_a(5)        |sum(8)         |    6.011|
in_a(5)        |sum(9)         |    6.041|
in_a(5)        |sum(10)        |    5.820|
in_a(5)        |sum(11)        |    6.543|
in_a(5)        |sum(12)        |    6.819|
in_a(5)        |sum(13)        |    7.126|
in_a(5)        |sum(14)        |    6.508|
in_a(5)        |sum(15)        |    6.896|
in_a(5)        |sum(16)        |    7.751|
in_a(5)        |sum(17)        |    8.484|
in_a(5)        |sum(18)        |    7.907|
in_a(5)        |sum(19)        |    7.594|
in_a(5)        |sum(20)        |    7.951|
in_a(5)        |sum(21)        |    9.059|
in_a(5)        |sum(22)        |    9.152|
in_a(5)        |sum(23)        |    8.793|
in_a(6)        |carryout       |    7.860|
in_a(6)        |sum(6)         |    4.313|
in_a(6)        |sum(7)         |    5.257|
in_a(6)        |sum(8)         |    5.963|
in_a(6)        |sum(9)         |    5.993|
in_a(6)        |sum(10)        |    5.772|
in_a(6)        |sum(11)        |    6.495|
in_a(6)        |sum(12)        |    6.771|
in_a(6)        |sum(13)        |    7.078|
in_a(6)        |sum(14)        |    6.460|
in_a(6)        |sum(15)        |    6.848|
in_a(6)        |sum(16)        |    7.703|
in_a(6)        |sum(17)        |    8.436|
in_a(6)        |sum(18)        |    7.859|
in_a(6)        |sum(19)        |    7.546|
in_a(6)        |sum(20)        |    7.903|
in_a(6)        |sum(21)        |    9.011|
in_a(6)        |sum(22)        |    9.104|
in_a(6)        |sum(23)        |    8.745|
in_a(7)        |carryout       |    6.844|
in_a(7)        |sum(7)         |    4.239|
in_a(7)        |sum(8)         |    5.153|
in_a(7)        |sum(9)         |    4.643|
in_a(7)        |sum(10)        |    4.211|
in_a(7)        |sum(11)        |    5.479|
in_a(7)        |sum(12)        |    5.755|
in_a(7)        |sum(13)        |    6.062|
in_a(7)        |sum(14)        |    5.444|
in_a(7)        |sum(15)        |    5.832|
in_a(7)        |sum(16)        |    6.687|
in_a(7)        |sum(17)        |    7.420|
in_a(7)        |sum(18)        |    6.843|
in_a(7)        |sum(19)        |    6.530|
in_a(7)        |sum(20)        |    6.887|
in_a(7)        |sum(21)        |    7.995|
in_a(7)        |sum(22)        |    8.088|
in_a(7)        |sum(23)        |    7.729|
in_a(8)        |carryout       |    7.678|
in_a(8)        |sum(8)         |    5.815|
in_a(8)        |sum(9)         |    5.376|
in_a(8)        |sum(10)        |    5.208|
in_a(8)        |sum(11)        |    6.313|
in_a(8)        |sum(12)        |    6.589|
in_a(8)        |sum(13)        |    6.896|
in_a(8)        |sum(14)        |    6.278|
in_a(8)        |sum(15)        |    6.666|
in_a(8)        |sum(16)        |    7.521|
in_a(8)        |sum(17)        |    8.254|
in_a(8)        |sum(18)        |    7.677|
in_a(8)        |sum(19)        |    7.364|
in_a(8)        |sum(20)        |    7.721|
in_a(8)        |sum(21)        |    8.829|
in_a(8)        |sum(22)        |    8.922|
in_a(8)        |sum(23)        |    8.563|
in_a(9)        |carryout       |    7.191|
in_a(9)        |sum(9)         |    4.443|
in_a(9)        |sum(10)        |    4.721|
in_a(9)        |sum(11)        |    5.826|
in_a(9)        |sum(12)        |    6.102|
in_a(9)        |sum(13)        |    6.409|
in_a(9)        |sum(14)        |    5.791|
in_a(9)        |sum(15)        |    6.179|
in_a(9)        |sum(16)        |    7.034|
in_a(9)        |sum(17)        |    7.767|
in_a(9)        |sum(18)        |    7.190|
in_a(9)        |sum(19)        |    6.877|
in_a(9)        |sum(20)        |    7.234|
in_a(9)        |sum(21)        |    8.342|
in_a(9)        |sum(22)        |    8.435|
in_a(9)        |sum(23)        |    8.076|
in_a(10)       |carryout       |    7.255|
in_a(10)       |sum(10)        |    3.949|
in_a(10)       |sum(11)        |    5.890|
in_a(10)       |sum(12)        |    6.166|
in_a(10)       |sum(13)        |    6.473|
in_a(10)       |sum(14)        |    5.855|
in_a(10)       |sum(15)        |    6.243|
in_a(10)       |sum(16)        |    7.098|
in_a(10)       |sum(17)        |    7.831|
in_a(10)       |sum(18)        |    7.254|
in_a(10)       |sum(19)        |    6.941|
in_a(10)       |sum(20)        |    7.298|
in_a(10)       |sum(21)        |    8.406|
in_a(10)       |sum(22)        |    8.499|
in_a(10)       |sum(23)        |    8.140|
in_a(11)       |carryout       |    6.146|
in_a(11)       |sum(11)        |    4.597|
in_a(11)       |sum(12)        |    5.057|
in_a(11)       |sum(13)        |    5.364|
in_a(11)       |sum(14)        |    4.746|
in_a(11)       |sum(15)        |    5.134|
in_a(11)       |sum(16)        |    5.989|
in_a(11)       |sum(17)        |    6.722|
in_a(11)       |sum(18)        |    6.145|
in_a(11)       |sum(19)        |    5.832|
in_a(11)       |sum(20)        |    6.189|
in_a(11)       |sum(21)        |    7.297|
in_a(11)       |sum(22)        |    7.390|
in_a(11)       |sum(23)        |    7.031|
in_a(12)       |carryout       |    6.335|
in_a(12)       |sum(12)        |    4.187|
in_a(12)       |sum(13)        |    4.327|
in_a(12)       |sum(14)        |    4.683|
in_a(12)       |sum(15)        |    4.925|
in_a(12)       |sum(16)        |    6.178|
in_a(12)       |sum(17)        |    6.911|
in_a(12)       |sum(18)        |    6.334|
in_a(12)       |sum(19)        |    6.021|
in_a(12)       |sum(20)        |    6.378|
in_a(12)       |sum(21)        |    7.486|
in_a(12)       |sum(22)        |    7.579|
in_a(12)       |sum(23)        |    7.220|
in_a(13)       |carryout       |    6.483|
in_a(13)       |sum(13)        |    4.628|
in_a(13)       |sum(14)        |    4.832|
in_a(13)       |sum(15)        |    5.045|
in_a(13)       |sum(16)        |    6.326|
in_a(13)       |sum(17)        |    7.059|
in_a(13)       |sum(18)        |    6.482|
in_a(13)       |sum(19)        |    6.169|
in_a(13)       |sum(20)        |    6.526|
in_a(13)       |sum(21)        |    7.634|
in_a(13)       |sum(22)        |    7.727|
in_a(13)       |sum(23)        |    7.368|
in_a(14)       |carryout       |    5.886|
in_a(14)       |sum(14)        |    4.205|
in_a(14)       |sum(15)        |    4.419|
in_a(14)       |sum(16)        |    5.729|
in_a(14)       |sum(17)        |    6.462|
in_a(14)       |sum(18)        |    5.885|
in_a(14)       |sum(19)        |    5.572|
in_a(14)       |sum(20)        |    5.929|
in_a(14)       |sum(21)        |    7.037|
in_a(14)       |sum(22)        |    7.130|
in_a(14)       |sum(23)        |    6.771|
in_a(15)       |carryout       |    7.038|
in_a(15)       |sum(15)        |    5.208|
in_a(15)       |sum(16)        |    4.912|
in_a(15)       |sum(17)        |    5.645|
in_a(15)       |sum(18)        |    5.068|
in_a(15)       |sum(19)        |    4.755|
in_a(15)       |sum(20)        |    7.081|
in_a(15)       |sum(21)        |    8.189|
in_a(15)       |sum(22)        |    8.282|
in_a(15)       |sum(23)        |    7.923|
in_a(16)       |carryout       |    5.556|
in_a(16)       |sum(16)        |    3.936|
in_a(16)       |sum(17)        |    4.664|
in_a(16)       |sum(18)        |    4.139|
in_a(16)       |sum(19)        |    5.027|
in_a(16)       |sum(20)        |    5.599|
in_a(16)       |sum(21)        |    6.707|
in_a(16)       |sum(22)        |    6.800|
in_a(16)       |sum(23)        |    6.441|
in_a(17)       |carryout       |    5.858|
in_a(17)       |sum(17)        |    5.088|
in_a(17)       |sum(18)        |    4.441|
in_a(17)       |sum(19)        |    5.329|
in_a(17)       |sum(20)        |    5.901|
in_a(17)       |sum(21)        |    7.009|
in_a(17)       |sum(22)        |    7.102|
in_a(17)       |sum(23)        |    6.743|
in_a(18)       |carryout       |    5.291|
in_a(18)       |sum(18)        |    4.223|
in_a(18)       |sum(19)        |    4.762|
in_a(18)       |sum(20)        |    5.334|
in_a(18)       |sum(21)        |    6.442|
in_a(18)       |sum(22)        |    6.535|
in_a(18)       |sum(23)        |    6.176|
in_a(19)       |carryout       |    4.170|
in_a(19)       |sum(19)        |    4.576|
in_a(19)       |sum(20)        |    4.281|
in_a(19)       |sum(21)        |    5.474|
in_a(19)       |sum(22)        |    5.567|
in_a(19)       |sum(23)        |    5.208|
in_a(20)       |carryout       |    6.298|
in_a(20)       |sum(20)        |    5.182|
in_a(20)       |sum(21)        |    4.900|
in_a(20)       |sum(22)        |    6.041|
in_a(20)       |sum(23)        |    6.345|
in_a(21)       |carryout       |    5.506|
in_a(21)       |sum(21)        |    4.491|
in_a(21)       |sum(22)        |    5.170|
in_a(21)       |sum(23)        |    5.540|
in_a(22)       |carryout       |    4.732|
in_a(22)       |sum(22)        |    4.812|
in_a(22)       |sum(23)        |    4.909|
in_a(23)       |carryout       |    3.837|
in_a(23)       |sum(23)        |    5.078|
in_b(0)        |carryout       |    8.127|
in_b(0)        |sum(0)         |    4.142|
in_b(0)        |sum(1)         |    4.033|
in_b(0)        |sum(2)         |    4.245|
in_b(0)        |sum(3)         |    5.008|
in_b(0)        |sum(4)         |    5.455|
in_b(0)        |sum(5)         |    5.433|
in_b(0)        |sum(6)         |    5.658|
in_b(0)        |sum(7)         |    5.524|
in_b(0)        |sum(8)         |    6.230|
in_b(0)        |sum(9)         |    6.260|
in_b(0)        |sum(10)        |    6.039|
in_b(0)        |sum(11)        |    6.762|
in_b(0)        |sum(12)        |    7.038|
in_b(0)        |sum(13)        |    7.345|
in_b(0)        |sum(14)        |    6.727|
in_b(0)        |sum(15)        |    7.115|
in_b(0)        |sum(16)        |    7.970|
in_b(0)        |sum(17)        |    8.703|
in_b(0)        |sum(18)        |    8.126|
in_b(0)        |sum(19)        |    7.813|
in_b(0)        |sum(20)        |    8.170|
in_b(0)        |sum(21)        |    9.278|
in_b(0)        |sum(22)        |    9.371|
in_b(0)        |sum(23)        |    9.012|
in_b(1)        |carryout       |    7.847|
in_b(1)        |sum(1)         |    3.664|
in_b(1)        |sum(2)         |    3.965|
in_b(1)        |sum(3)         |    4.728|
in_b(1)        |sum(4)         |    5.175|
in_b(1)        |sum(5)         |    5.153|
in_b(1)        |sum(6)         |    5.378|
in_b(1)        |sum(7)         |    5.244|
in_b(1)        |sum(8)         |    5.950|
in_b(1)        |sum(9)         |    5.980|
in_b(1)        |sum(10)        |    5.759|
in_b(1)        |sum(11)        |    6.482|
in_b(1)        |sum(12)        |    6.758|
in_b(1)        |sum(13)        |    7.065|
in_b(1)        |sum(14)        |    6.447|
in_b(1)        |sum(15)        |    6.835|
in_b(1)        |sum(16)        |    7.690|
in_b(1)        |sum(17)        |    8.423|
in_b(1)        |sum(18)        |    7.846|
in_b(1)        |sum(19)        |    7.533|
in_b(1)        |sum(20)        |    7.890|
in_b(1)        |sum(21)        |    8.998|
in_b(1)        |sum(22)        |    9.091|
in_b(1)        |sum(23)        |    8.732|
in_b(2)        |carryout       |    7.246|
in_b(2)        |sum(2)         |    3.733|
in_b(2)        |sum(3)         |    4.133|
in_b(2)        |sum(4)         |    4.936|
in_b(2)        |sum(5)         |    4.914|
in_b(2)        |sum(6)         |    5.139|
in_b(2)        |sum(7)         |    4.643|
in_b(2)        |sum(8)         |    5.349|
in_b(2)        |sum(9)         |    5.379|
in_b(2)        |sum(10)        |    5.158|
in_b(2)        |sum(11)        |    5.881|
in_b(2)        |sum(12)        |    6.157|
in_b(2)        |sum(13)        |    6.464|
in_b(2)        |sum(14)        |    5.846|
in_b(2)        |sum(15)        |    6.234|
in_b(2)        |sum(16)        |    7.089|
in_b(2)        |sum(17)        |    7.822|
in_b(2)        |sum(18)        |    7.245|
in_b(2)        |sum(19)        |    6.932|
in_b(2)        |sum(20)        |    7.289|
in_b(2)        |sum(21)        |    8.397|
in_b(2)        |sum(22)        |    8.490|
in_b(2)        |sum(23)        |    8.131|
in_b(3)        |carryout       |    7.911|
in_b(3)        |sum(3)         |    4.794|
in_b(3)        |sum(4)         |    4.645|
in_b(3)        |sum(5)         |    4.623|
in_b(3)        |sum(6)         |    4.848|
in_b(3)        |sum(7)         |    5.308|
in_b(3)        |sum(8)         |    6.014|
in_b(3)        |sum(9)         |    6.044|
in_b(3)        |sum(10)        |    5.823|
in_b(3)        |sum(11)        |    6.546|
in_b(3)        |sum(12)        |    6.822|
in_b(3)        |sum(13)        |    7.129|
in_b(3)        |sum(14)        |    6.511|
in_b(3)        |sum(15)        |    6.899|
in_b(3)        |sum(16)        |    7.754|
in_b(3)        |sum(17)        |    8.487|
in_b(3)        |sum(18)        |    7.910|
in_b(3)        |sum(19)        |    7.597|
in_b(3)        |sum(20)        |    7.954|
in_b(3)        |sum(21)        |    9.062|
in_b(3)        |sum(22)        |    9.155|
in_b(3)        |sum(23)        |    8.796|
in_b(4)        |carryout       |    7.918|
in_b(4)        |sum(4)         |    4.130|
in_b(4)        |sum(5)         |    4.101|
in_b(4)        |sum(6)         |    4.180|
in_b(4)        |sum(7)         |    5.315|
in_b(4)        |sum(8)         |    6.021|
in_b(4)        |sum(9)         |    6.051|
in_b(4)        |sum(10)        |    5.830|
in_b(4)        |sum(11)        |    6.553|
in_b(4)        |sum(12)        |    6.829|
in_b(4)        |sum(13)        |    7.136|
in_b(4)        |sum(14)        |    6.518|
in_b(4)        |sum(15)        |    6.906|
in_b(4)        |sum(16)        |    7.761|
in_b(4)        |sum(17)        |    8.494|
in_b(4)        |sum(18)        |    7.917|
in_b(4)        |sum(19)        |    7.604|
in_b(4)        |sum(20)        |    7.961|
in_b(4)        |sum(21)        |    9.069|
in_b(4)        |sum(22)        |    9.162|
in_b(4)        |sum(23)        |    8.803|
in_b(5)        |carryout       |    7.994|
in_b(5)        |sum(5)         |    4.795|
in_b(5)        |sum(6)         |    4.026|
in_b(5)        |sum(7)         |    5.391|
in_b(5)        |sum(8)         |    6.097|
in_b(5)        |sum(9)         |    6.127|
in_b(5)        |sum(10)        |    5.906|
in_b(5)        |sum(11)        |    6.629|
in_b(5)        |sum(12)        |    6.905|
in_b(5)        |sum(13)        |    7.212|
in_b(5)        |sum(14)        |    6.594|
in_b(5)        |sum(15)        |    6.982|
in_b(5)        |sum(16)        |    7.837|
in_b(5)        |sum(17)        |    8.570|
in_b(5)        |sum(18)        |    7.993|
in_b(5)        |sum(19)        |    7.680|
in_b(5)        |sum(20)        |    8.037|
in_b(5)        |sum(21)        |    9.145|
in_b(5)        |sum(22)        |    9.238|
in_b(5)        |sum(23)        |    8.879|
in_b(6)        |carryout       |    8.183|
in_b(6)        |sum(6)         |    4.636|
in_b(6)        |sum(7)         |    5.580|
in_b(6)        |sum(8)         |    6.286|
in_b(6)        |sum(9)         |    6.316|
in_b(6)        |sum(10)        |    6.095|
in_b(6)        |sum(11)        |    6.818|
in_b(6)        |sum(12)        |    7.094|
in_b(6)        |sum(13)        |    7.401|
in_b(6)        |sum(14)        |    6.783|
in_b(6)        |sum(15)        |    7.171|
in_b(6)        |sum(16)        |    8.026|
in_b(6)        |sum(17)        |    8.759|
in_b(6)        |sum(18)        |    8.182|
in_b(6)        |sum(19)        |    7.869|
in_b(6)        |sum(20)        |    8.226|
in_b(6)        |sum(21)        |    9.334|
in_b(6)        |sum(22)        |    9.427|
in_b(6)        |sum(23)        |    9.068|
in_b(7)        |carryout       |    6.978|
in_b(7)        |sum(7)         |    4.075|
in_b(7)        |sum(8)         |    4.777|
in_b(7)        |sum(9)         |    5.068|
in_b(7)        |sum(10)        |    4.969|
in_b(7)        |sum(11)        |    5.613|
in_b(7)        |sum(12)        |    5.889|
in_b(7)        |sum(13)        |    6.196|
in_b(7)        |sum(14)        |    5.578|
in_b(7)        |sum(15)        |    5.966|
in_b(7)        |sum(16)        |    6.821|
in_b(7)        |sum(17)        |    7.554|
in_b(7)        |sum(18)        |    6.977|
in_b(7)        |sum(19)        |    6.664|
in_b(7)        |sum(20)        |    7.021|
in_b(7)        |sum(21)        |    8.129|
in_b(7)        |sum(22)        |    8.222|
in_b(7)        |sum(23)        |    7.863|
in_b(8)        |carryout       |    7.478|
in_b(8)        |sum(8)         |    5.396|
in_b(8)        |sum(9)         |    4.957|
in_b(8)        |sum(10)        |    5.008|
in_b(8)        |sum(11)        |    6.113|
in_b(8)        |sum(12)        |    6.389|
in_b(8)        |sum(13)        |    6.696|
in_b(8)        |sum(14)        |    6.078|
in_b(8)        |sum(15)        |    6.466|
in_b(8)        |sum(16)        |    7.321|
in_b(8)        |sum(17)        |    8.054|
in_b(8)        |sum(18)        |    7.477|
in_b(8)        |sum(19)        |    7.164|
in_b(8)        |sum(20)        |    7.521|
in_b(8)        |sum(21)        |    8.629|
in_b(8)        |sum(22)        |    8.722|
in_b(8)        |sum(23)        |    8.363|
in_b(9)        |carryout       |    7.302|
in_b(9)        |sum(9)         |    4.694|
in_b(9)        |sum(10)        |    4.832|
in_b(9)        |sum(11)        |    5.937|
in_b(9)        |sum(12)        |    6.213|
in_b(9)        |sum(13)        |    6.520|
in_b(9)        |sum(14)        |    5.902|
in_b(9)        |sum(15)        |    6.290|
in_b(9)        |sum(16)        |    7.145|
in_b(9)        |sum(17)        |    7.878|
in_b(9)        |sum(18)        |    7.301|
in_b(9)        |sum(19)        |    6.988|
in_b(9)        |sum(20)        |    7.345|
in_b(9)        |sum(21)        |    8.453|
in_b(9)        |sum(22)        |    8.546|
in_b(9)        |sum(23)        |    8.187|
in_b(10)       |carryout       |    7.051|
in_b(10)       |sum(10)        |    4.065|
in_b(10)       |sum(11)        |    5.686|
in_b(10)       |sum(12)        |    5.962|
in_b(10)       |sum(13)        |    6.269|
in_b(10)       |sum(14)        |    5.651|
in_b(10)       |sum(15)        |    6.039|
in_b(10)       |sum(16)        |    6.894|
in_b(10)       |sum(17)        |    7.627|
in_b(10)       |sum(18)        |    7.050|
in_b(10)       |sum(19)        |    6.737|
in_b(10)       |sum(20)        |    7.094|
in_b(10)       |sum(21)        |    8.202|
in_b(10)       |sum(22)        |    8.295|
in_b(10)       |sum(23)        |    7.936|
in_b(11)       |carryout       |    5.568|
in_b(11)       |sum(11)        |    4.038|
in_b(11)       |sum(12)        |    4.479|
in_b(11)       |sum(13)        |    4.786|
in_b(11)       |sum(14)        |    4.168|
in_b(11)       |sum(15)        |    4.556|
in_b(11)       |sum(16)        |    5.411|
in_b(11)       |sum(17)        |    6.144|
in_b(11)       |sum(18)        |    5.567|
in_b(11)       |sum(19)        |    5.254|
in_b(11)       |sum(20)        |    5.611|
in_b(11)       |sum(21)        |    6.719|
in_b(11)       |sum(22)        |    6.812|
in_b(11)       |sum(23)        |    6.453|
in_b(12)       |carryout       |    6.685|
in_b(12)       |sum(12)        |    4.207|
in_b(12)       |sum(13)        |    4.721|
in_b(12)       |sum(14)        |    5.034|
in_b(12)       |sum(15)        |    5.266|
in_b(12)       |sum(16)        |    6.528|
in_b(12)       |sum(17)        |    7.261|
in_b(12)       |sum(18)        |    6.684|
in_b(12)       |sum(19)        |    6.371|
in_b(12)       |sum(20)        |    6.728|
in_b(12)       |sum(21)        |    7.836|
in_b(12)       |sum(22)        |    7.929|
in_b(12)       |sum(23)        |    7.570|
in_b(13)       |carryout       |    6.511|
in_b(13)       |sum(13)        |    5.082|
in_b(13)       |sum(14)        |    4.859|
in_b(13)       |sum(15)        |    5.101|
in_b(13)       |sum(16)        |    6.354|
in_b(13)       |sum(17)        |    7.087|
in_b(13)       |sum(18)        |    6.510|
in_b(13)       |sum(19)        |    6.197|
in_b(13)       |sum(20)        |    6.554|
in_b(13)       |sum(21)        |    7.662|
in_b(13)       |sum(22)        |    7.755|
in_b(13)       |sum(23)        |    7.396|
in_b(14)       |carryout       |    6.082|
in_b(14)       |sum(14)        |    4.649|
in_b(14)       |sum(15)        |    4.652|
in_b(14)       |sum(16)        |    5.925|
in_b(14)       |sum(17)        |    6.658|
in_b(14)       |sum(18)        |    6.081|
in_b(14)       |sum(19)        |    5.768|
in_b(14)       |sum(20)        |    6.125|
in_b(14)       |sum(21)        |    7.233|
in_b(14)       |sum(22)        |    7.326|
in_b(14)       |sum(23)        |    6.967|
in_b(15)       |carryout       |    6.397|
in_b(15)       |sum(15)        |    4.567|
in_b(15)       |sum(16)        |    4.438|
in_b(15)       |sum(17)        |    5.171|
in_b(15)       |sum(18)        |    4.594|
in_b(15)       |sum(19)        |    4.281|
in_b(15)       |sum(20)        |    6.440|
in_b(15)       |sum(21)        |    7.548|
in_b(15)       |sum(22)        |    7.641|
in_b(15)       |sum(23)        |    7.282|
in_b(16)       |carryout       |    6.788|
in_b(16)       |sum(16)        |    4.447|
in_b(16)       |sum(17)        |    5.186|
in_b(16)       |sum(18)        |    5.371|
in_b(16)       |sum(19)        |    6.259|
in_b(16)       |sum(20)        |    6.831|
in_b(16)       |sum(21)        |    7.939|
in_b(16)       |sum(22)        |    8.032|
in_b(16)       |sum(23)        |    7.673|
in_b(17)       |carryout       |    5.548|
in_b(17)       |sum(17)        |    4.931|
in_b(17)       |sum(18)        |    4.131|
in_b(17)       |sum(19)        |    5.019|
in_b(17)       |sum(20)        |    5.591|
in_b(17)       |sum(21)        |    6.699|
in_b(17)       |sum(22)        |    6.792|
in_b(17)       |sum(23)        |    6.433|
in_b(18)       |carryout       |    5.807|
in_b(18)       |sum(18)        |    4.444|
in_b(18)       |sum(19)        |    5.278|
in_b(18)       |sum(20)        |    5.850|
in_b(18)       |sum(21)        |    6.958|
in_b(18)       |sum(22)        |    7.051|
in_b(18)       |sum(23)        |    6.692|
in_b(19)       |carryout       |    4.534|
in_b(19)       |sum(19)        |    4.482|
in_b(19)       |sum(20)        |    4.405|
in_b(19)       |sum(21)        |    5.852|
in_b(19)       |sum(22)        |    5.945|
in_b(19)       |sum(23)        |    5.586|
in_b(20)       |carryout       |    6.296|
in_b(20)       |sum(20)        |    5.044|
in_b(20)       |sum(21)        |    4.457|
in_b(20)       |sum(22)        |    5.955|
in_b(20)       |sum(23)        |    6.330|
in_b(21)       |carryout       |    5.867|
in_b(21)       |sum(21)        |    5.138|
in_b(21)       |sum(22)        |    5.629|
in_b(21)       |sum(23)        |    5.933|
in_b(22)       |carryout       |    4.975|
in_b(22)       |sum(22)        |    5.328|
in_b(22)       |sum(23)        |    5.425|
in_b(23)       |carryout       |    3.720|
in_b(23)       |sum(23)        |    4.961|
---------------+---------------+---------+


Analysis completed Mon Dec  6 12:08:32 2021 
--------------------------------------------------------------------------------

Trace Settings:
-------------------------
Trace Settings 

Peak Memory Usage: 273 MB



