--------------------------------------------------------------------------------
Release 10.1 Trace  (lin64)
Copyright (c) 1995-2008 Xilinx, Inc.  All rights reserved.

/nfs/sw_cmc/x86_64.EL7/tools/xilinx_10.1/ISE/bin/lin64/unwrapped/trce
CSA_16bit_out CSA_16bit.pcf -v 10 -o CSA_16bit_out

Design file:              CSA_16bit_out.ncd
Physical constraint file: CSA_16bit.pcf
Device,package,speed:     xc2vp20,ff896,-7 (PRODUCTION 1.94 2008-01-09)
Report level:             verbose report, limited to 10 items per constraint

Environment Variable      Effect 
--------------------      ------ 
NONE                      No environment variables were set
--------------------------------------------------------------------------------

INFO:Timing:2698 - No timing constraints found, doing default enumeration.
INFO:Timing:2752 - To get complete path coverage, use the unconstrained paths 
   option. All paths that are not constrained will be reported in the 
   unconstrained paths section(s) of the report.
INFO:Timing:3339 - The clock-to-out numbers in this timing report are based on 
   a 50 Ohm transmission line loading model.  For the details of this model, 
   and for more information on accounting for different loading conditions, 
   please see the device datasheet.



Data Sheet report:
-----------------
All values displayed in nanoseconds (ns)

Pad to Pad
---------------+---------------+---------+
Source Pad     |Destination Pad|  Delay  |
---------------+---------------+---------+
in_a(0)        |carryout       |    8.490|
in_a(0)        |sum(0)         |    3.854|
in_a(0)        |sum(1)         |    3.708|
in_a(0)        |sum(2)         |    4.935|
in_a(0)        |sum(3)         |    5.379|
in_a(0)        |sum(4)         |    5.854|
in_a(0)        |sum(5)         |    6.001|
in_a(0)        |sum(6)         |    6.781|
in_a(0)        |sum(7)         |    6.356|
in_a(0)        |sum(8)         |    6.888|
in_a(0)        |sum(9)         |    7.419|
in_a(0)        |sum(10)        |    7.268|
in_a(0)        |sum(11)        |    7.159|
in_a(0)        |sum(12)        |    8.420|
in_a(0)        |sum(13)        |    8.297|
in_a(0)        |sum(14)        |    8.270|
in_a(0)        |sum(15)        |    7.601|
in_a(1)        |carryout       |    8.169|
in_a(1)        |sum(1)         |    4.025|
in_a(1)        |sum(2)         |    4.614|
in_a(1)        |sum(3)         |    5.058|
in_a(1)        |sum(4)         |    5.533|
in_a(1)        |sum(5)         |    5.680|
in_a(1)        |sum(6)         |    6.460|
in_a(1)        |sum(7)         |    6.035|
in_a(1)        |sum(8)         |    6.567|
in_a(1)        |sum(9)         |    7.098|
in_a(1)        |sum(10)        |    6.947|
in_a(1)        |sum(11)        |    6.838|
in_a(1)        |sum(12)        |    8.099|
in_a(1)        |sum(13)        |    7.976|
in_a(1)        |sum(14)        |    7.949|
in_a(1)        |sum(15)        |    7.280|
in_a(2)        |carryout       |    8.226|
in_a(2)        |sum(2)         |    4.675|
in_a(2)        |sum(3)         |    5.115|
in_a(2)        |sum(4)         |    5.590|
in_a(2)        |sum(5)         |    5.737|
in_a(2)        |sum(6)         |    6.517|
in_a(2)        |sum(7)         |    6.092|
in_a(2)        |sum(8)         |    6.624|
in_a(2)        |sum(9)         |    7.155|
in_a(2)        |sum(10)        |    7.004|
in_a(2)        |sum(11)        |    6.895|
in_a(2)        |sum(12)        |    8.156|
in_a(2)        |sum(13)        |    8.033|
in_a(2)        |sum(14)        |    8.006|
in_a(2)        |sum(15)        |    7.337|
in_a(3)        |carryout       |    7.122|
in_a(3)        |sum(3)         |    3.813|
in_a(3)        |sum(4)         |    4.493|
in_a(3)        |sum(5)         |    4.640|
in_a(3)        |sum(6)         |    5.420|
in_a(3)        |sum(7)         |    4.995|
in_a(3)        |sum(8)         |    5.520|
in_a(3)        |sum(9)         |    6.051|
in_a(3)        |sum(10)        |    5.900|
in_a(3)        |sum(11)        |    5.791|
in_a(3)        |sum(12)        |    7.052|
in_a(3)        |sum(13)        |    6.929|
in_a(3)        |sum(14)        |    6.902|
in_a(3)        |sum(15)        |    6.233|
in_a(4)        |carryout       |    7.804|
in_a(4)        |sum(4)         |    3.842|
in_a(4)        |sum(5)         |    3.799|
in_a(4)        |sum(6)         |    5.148|
in_a(4)        |sum(7)         |    5.437|
in_a(4)        |sum(8)         |    6.202|
in_a(4)        |sum(9)         |    6.733|
in_a(4)        |sum(10)        |    6.582|
in_a(4)        |sum(11)        |    6.473|
in_a(4)        |sum(12)        |    7.734|
in_a(4)        |sum(13)        |    7.611|
in_a(4)        |sum(14)        |    7.584|
in_a(4)        |sum(15)        |    6.915|
in_a(5)        |carryout       |    7.998|
in_a(5)        |sum(5)         |    4.471|
in_a(5)        |sum(6)         |    5.398|
in_a(5)        |sum(7)         |    5.732|
in_a(5)        |sum(8)         |    6.396|
in_a(5)        |sum(9)         |    6.927|
in_a(5)        |sum(10)        |    6.776|
in_a(5)        |sum(11)        |    6.667|
in_a(5)        |sum(12)        |    7.928|
in_a(5)        |sum(13)        |    7.805|
in_a(5)        |sum(14)        |    7.778|
in_a(5)        |sum(15)        |    7.109|
in_a(6)        |carryout       |    7.520|
in_a(6)        |sum(6)         |    4.825|
in_a(6)        |sum(7)         |    5.167|
in_a(6)        |sum(8)         |    5.918|
in_a(6)        |sum(9)         |    6.449|
in_a(6)        |sum(10)        |    6.298|
in_a(6)        |sum(11)        |    6.189|
in_a(6)        |sum(12)        |    7.450|
in_a(6)        |sum(13)        |    7.327|
in_a(6)        |sum(14)        |    7.300|
in_a(6)        |sum(15)        |    6.631|
in_a(7)        |carryout       |    6.419|
in_a(7)        |sum(7)         |    4.570|
in_a(7)        |sum(8)         |    4.817|
in_a(7)        |sum(9)         |    5.348|
in_a(7)        |sum(10)        |    5.197|
in_a(7)        |sum(11)        |    5.088|
in_a(7)        |sum(12)        |    6.349|
in_a(7)        |sum(13)        |    6.226|
in_a(7)        |sum(14)        |    6.199|
in_a(7)        |sum(15)        |    5.530|
in_a(8)        |carryout       |    6.645|
in_a(8)        |sum(8)         |    4.062|
in_a(8)        |sum(9)         |    4.299|
in_a(8)        |sum(10)        |    4.702|
in_a(8)        |sum(11)        |    5.078|
in_a(8)        |sum(12)        |    6.575|
in_a(8)        |sum(13)        |    6.452|
in_a(8)        |sum(14)        |    6.425|
in_a(8)        |sum(15)        |    5.756|
in_a(9)        |carryout       |    6.389|
in_a(9)        |sum(9)         |    4.390|
in_a(9)        |sum(10)        |    4.349|
in_a(9)        |sum(11)        |    4.863|
in_a(9)        |sum(12)        |    6.319|
in_a(9)        |sum(13)        |    6.196|
in_a(9)        |sum(14)        |    6.169|
in_a(9)        |sum(15)        |    5.500|
in_a(10)       |carryout       |    6.472|
in_a(10)       |sum(10)        |    4.255|
in_a(10)       |sum(11)        |    4.946|
in_a(10)       |sum(12)        |    6.402|
in_a(10)       |sum(13)        |    6.279|
in_a(10)       |sum(14)        |    6.252|
in_a(10)       |sum(15)        |    5.583|
in_a(11)       |carryout       |    6.365|
in_a(11)       |sum(11)        |    4.478|
in_a(11)       |sum(12)        |    6.295|
in_a(11)       |sum(13)        |    6.172|
in_a(11)       |sum(14)        |    6.145|
in_a(11)       |sum(15)        |    5.476|
in_a(12)       |carryout       |    5.291|
in_a(12)       |sum(12)        |    4.070|
in_a(12)       |sum(13)        |    4.103|
in_a(12)       |sum(14)        |    4.209|
in_a(12)       |sum(15)        |    4.986|
in_a(13)       |carryout       |    5.373|
in_a(13)       |sum(13)        |    4.528|
in_a(13)       |sum(14)        |    4.291|
in_a(13)       |sum(15)        |    5.064|
in_a(14)       |carryout       |    5.261|
in_a(14)       |sum(14)        |    4.132|
in_a(14)       |sum(15)        |    4.952|
in_a(15)       |carryout       |    4.582|
in_a(15)       |sum(15)        |    4.908|
in_b(0)        |carryout       |    8.265|
in_b(0)        |sum(0)         |    3.889|
in_b(0)        |sum(1)         |    3.739|
in_b(0)        |sum(2)         |    4.710|
in_b(0)        |sum(3)         |    5.154|
in_b(0)        |sum(4)         |    5.629|
in_b(0)        |sum(5)         |    5.776|
in_b(0)        |sum(6)         |    6.556|
in_b(0)        |sum(7)         |    6.131|
in_b(0)        |sum(8)         |    6.663|
in_b(0)        |sum(9)         |    7.194|
in_b(0)        |sum(10)        |    7.043|
in_b(0)        |sum(11)        |    6.934|
in_b(0)        |sum(12)        |    8.195|
in_b(0)        |sum(13)        |    8.072|
in_b(0)        |sum(14)        |    8.045|
in_b(0)        |sum(15)        |    7.376|
in_b(1)        |carryout       |    8.074|
in_b(1)        |sum(1)         |    3.965|
in_b(1)        |sum(2)         |    4.519|
in_b(1)        |sum(3)         |    4.963|
in_b(1)        |sum(4)         |    5.438|
in_b(1)        |sum(5)         |    5.585|
in_b(1)        |sum(6)         |    6.365|
in_b(1)        |sum(7)         |    5.940|
in_b(1)        |sum(8)         |    6.472|
in_b(1)        |sum(9)         |    7.003|
in_b(1)        |sum(10)        |    6.852|
in_b(1)        |sum(11)        |    6.743|
in_b(1)        |sum(12)        |    8.004|
in_b(1)        |sum(13)        |    7.881|
in_b(1)        |sum(14)        |    7.854|
in_b(1)        |sum(15)        |    7.185|
in_b(2)        |carryout       |    7.760|
in_b(2)        |sum(2)         |    4.203|
in_b(2)        |sum(3)         |    4.649|
in_b(2)        |sum(4)         |    5.124|
in_b(2)        |sum(5)         |    5.271|
in_b(2)        |sum(6)         |    6.051|
in_b(2)        |sum(7)         |    5.626|
in_b(2)        |sum(8)         |    6.158|
in_b(2)        |sum(9)         |    6.689|
in_b(2)        |sum(10)        |    6.538|
in_b(2)        |sum(11)        |    6.429|
in_b(2)        |sum(12)        |    7.690|
in_b(2)        |sum(13)        |    7.567|
in_b(2)        |sum(14)        |    7.540|
in_b(2)        |sum(15)        |    6.871|
in_b(3)        |carryout       |    6.991|
in_b(3)        |sum(3)         |    3.884|
in_b(3)        |sum(4)         |    4.457|
in_b(3)        |sum(5)         |    4.604|
in_b(3)        |sum(6)         |    5.384|
in_b(3)        |sum(7)         |    4.959|
in_b(3)        |sum(8)         |    5.389|
in_b(3)        |sum(9)         |    5.920|
in_b(3)        |sum(10)        |    5.769|
in_b(3)        |sum(11)        |    5.660|
in_b(3)        |sum(12)        |    6.921|
in_b(3)        |sum(13)        |    6.798|
in_b(3)        |sum(14)        |    6.771|
in_b(3)        |sum(15)        |    6.102|
in_b(4)        |carryout       |    7.435|
in_b(4)        |sum(4)         |    3.932|
in_b(4)        |sum(5)         |    3.903|
in_b(4)        |sum(6)         |    4.779|
in_b(4)        |sum(7)         |    5.097|
in_b(4)        |sum(8)         |    5.833|
in_b(4)        |sum(9)         |    6.364|
in_b(4)        |sum(10)        |    6.213|
in_b(4)        |sum(11)        |    6.104|
in_b(4)        |sum(12)        |    7.365|
in_b(4)        |sum(13)        |    7.242|
in_b(4)        |sum(14)        |    7.215|
in_b(4)        |sum(15)        |    6.546|
in_b(5)        |carryout       |    7.490|
in_b(5)        |sum(5)         |    4.429|
in_b(5)        |sum(6)         |    4.834|
in_b(5)        |sum(7)         |    5.123|
in_b(5)        |sum(8)         |    5.888|
in_b(5)        |sum(9)         |    6.419|
in_b(5)        |sum(10)        |    6.268|
in_b(5)        |sum(11)        |    6.159|
in_b(5)        |sum(12)        |    7.420|
in_b(5)        |sum(13)        |    7.297|
in_b(5)        |sum(14)        |    7.270|
in_b(5)        |sum(15)        |    6.601|
in_b(6)        |carryout       |    7.369|
in_b(6)        |sum(6)         |    4.602|
in_b(6)        |sum(7)         |    4.989|
in_b(6)        |sum(8)         |    5.767|
in_b(6)        |sum(9)         |    6.298|
in_b(6)        |sum(10)        |    6.147|
in_b(6)        |sum(11)        |    6.038|
in_b(6)        |sum(12)        |    7.299|
in_b(6)        |sum(13)        |    7.176|
in_b(6)        |sum(14)        |    7.149|
in_b(6)        |sum(15)        |    6.480|
in_b(7)        |carryout       |    6.498|
in_b(7)        |sum(7)         |    4.649|
in_b(7)        |sum(8)         |    4.896|
in_b(7)        |sum(9)         |    5.427|
in_b(7)        |sum(10)        |    5.276|
in_b(7)        |sum(11)        |    5.167|
in_b(7)        |sum(12)        |    6.428|
in_b(7)        |sum(13)        |    6.305|
in_b(7)        |sum(14)        |    6.278|
in_b(7)        |sum(15)        |    5.609|
in_b(8)        |carryout       |    6.260|
in_b(8)        |sum(8)         |    3.993|
in_b(8)        |sum(9)         |    4.090|
in_b(8)        |sum(10)        |    4.317|
in_b(8)        |sum(11)        |    4.716|
in_b(8)        |sum(12)        |    6.190|
in_b(8)        |sum(13)        |    6.067|
in_b(8)        |sum(14)        |    6.040|
in_b(8)        |sum(15)        |    5.371|
in_b(9)        |carryout       |    6.362|
in_b(9)        |sum(9)         |    4.323|
in_b(9)        |sum(10)        |    4.403|
in_b(9)        |sum(11)        |    4.836|
in_b(9)        |sum(12)        |    6.292|
in_b(9)        |sum(13)        |    6.169|
in_b(9)        |sum(14)        |    6.142|
in_b(9)        |sum(15)        |    5.473|
in_b(10)       |carryout       |    6.298|
in_b(10)       |sum(10)        |    4.422|
in_b(10)       |sum(11)        |    4.772|
in_b(10)       |sum(12)        |    6.228|
in_b(10)       |sum(13)        |    6.105|
in_b(10)       |sum(14)        |    6.078|
in_b(10)       |sum(15)        |    5.409|
in_b(11)       |carryout       |    6.611|
in_b(11)       |sum(11)        |    4.724|
in_b(11)       |sum(12)        |    6.541|
in_b(11)       |sum(13)        |    6.418|
in_b(11)       |sum(14)        |    6.391|
in_b(11)       |sum(15)        |    5.722|
in_b(12)       |carryout       |    5.745|
in_b(12)       |sum(12)        |    4.256|
in_b(12)       |sum(13)        |    4.214|
in_b(12)       |sum(14)        |    4.663|
in_b(12)       |sum(15)        |    5.436|
in_b(13)       |carryout       |    5.472|
in_b(13)       |sum(13)        |    4.632|
in_b(13)       |sum(14)        |    4.390|
in_b(13)       |sum(15)        |    5.163|
in_b(14)       |carryout       |    5.121|
in_b(14)       |sum(14)        |    4.605|
in_b(14)       |sum(15)        |    4.812|
in_b(15)       |carryout       |    4.810|
in_b(15)       |sum(15)        |    5.131|
---------------+---------------+---------+


Analysis completed Mon Dec  6 12:12:40 2021 
--------------------------------------------------------------------------------

Trace Settings:
-------------------------
Trace Settings 

Peak Memory Usage: 272 MB



