--------------------------------------------------------------------------------
Release 10.1 Trace  (lin64)
Copyright (c) 1995-2008 Xilinx, Inc.  All rights reserved.

/nfs/sw_cmc/x86_64.EL7/tools/xilinx_10.1/ISE/bin/lin64/unwrapped/trce
r4b_multiplier_8b_out r4b_multiplier_8b.pcf -v 10 -o r4b_multiplier_8b_out

Design file:              r4b_multiplier_8b_out.ncd
Physical constraint file: r4b_multiplier_8b.pcf
Device,package,speed:     xc2vp20,ff896,-7 (PRODUCTION 1.94 2008-01-09)
Report level:             verbose report, limited to 10 items per constraint

Environment Variable      Effect 
--------------------      ------ 
NONE                      No environment variables were set
--------------------------------------------------------------------------------

INFO:Timing:2698 - No timing constraints found, doing default enumeration.
INFO:Timing:2752 - To get complete path coverage, use the unconstrained paths 
   option. All paths that are not constrained will be reported in the 
   unconstrained paths section(s) of the report.
INFO:Timing:3339 - The clock-to-out numbers in this timing report are based on 
   a 50 Ohm transmission line loading model.  For the details of this model, 
   and for more information on accounting for different loading conditions, 
   please see the device datasheet.



Data Sheet report:
-----------------
All values displayed in nanoseconds (ns)

Pad to Pad
---------------+---------------+---------+
Source Pad     |Destination Pad|  Delay  |
---------------+---------------+---------+
mc(0)          |p(0)           |    4.775|
mc(0)          |p(1)           |    5.207|
mc(0)          |p(2)           |    5.729|
mc(0)          |p(3)           |    6.066|
mc(0)          |p(4)           |    6.909|
mc(0)          |p(5)           |    7.996|
mc(0)          |p(6)           |    8.615|
mc(0)          |p(7)           |   10.651|
mc(0)          |p(8)           |   12.259|
mc(0)          |p(9)           |   12.667|
mc(0)          |p(10)          |   12.966|
mc(0)          |p(11)          |   14.125|
mc(0)          |p(12)          |   14.496|
mc(0)          |p(13)          |   14.909|
mc(0)          |p(14)          |   15.396|
mc(0)          |p(15)          |   15.576|
mc(1)          |p(1)           |    4.855|
mc(1)          |p(2)           |    6.274|
mc(1)          |p(3)           |    6.522|
mc(1)          |p(4)           |    7.379|
mc(1)          |p(5)           |    8.440|
mc(1)          |p(6)           |    8.925|
mc(1)          |p(7)           |   10.767|
mc(1)          |p(8)           |   12.375|
mc(1)          |p(9)           |   12.783|
mc(1)          |p(10)          |   13.082|
mc(1)          |p(11)          |   14.241|
mc(1)          |p(12)          |   14.612|
mc(1)          |p(13)          |   15.025|
mc(1)          |p(14)          |   15.512|
mc(1)          |p(15)          |   15.692|
mc(2)          |p(2)           |    5.567|
mc(2)          |p(3)           |    5.815|
mc(2)          |p(4)           |    6.672|
mc(2)          |p(5)           |    7.834|
mc(2)          |p(6)           |    8.448|
mc(2)          |p(7)           |   10.097|
mc(2)          |p(8)           |   11.705|
mc(2)          |p(9)           |   12.113|
mc(2)          |p(10)          |   12.412|
mc(2)          |p(11)          |   13.571|
mc(2)          |p(12)          |   13.942|
mc(2)          |p(13)          |   14.355|
mc(2)          |p(14)          |   14.842|
mc(2)          |p(15)          |   15.022|
mc(3)          |p(3)           |    6.101|
mc(3)          |p(4)           |    6.944|
mc(3)          |p(5)           |    8.005|
mc(3)          |p(6)           |    8.504|
mc(3)          |p(7)           |   10.540|
mc(3)          |p(8)           |   12.148|
mc(3)          |p(9)           |   12.556|
mc(3)          |p(10)          |   12.855|
mc(3)          |p(11)          |   14.014|
mc(3)          |p(12)          |   14.385|
mc(3)          |p(13)          |   14.798|
mc(3)          |p(14)          |   15.285|
mc(3)          |p(15)          |   15.465|
mc(4)          |p(4)           |    6.224|
mc(4)          |p(5)           |    7.296|
mc(4)          |p(6)           |    7.797|
mc(4)          |p(7)           |    9.658|
mc(4)          |p(8)           |   11.266|
mc(4)          |p(9)           |   11.674|
mc(4)          |p(10)          |   11.973|
mc(4)          |p(11)          |   13.132|
mc(4)          |p(12)          |   13.503|
mc(4)          |p(13)          |   13.916|
mc(4)          |p(14)          |   14.459|
mc(4)          |p(15)          |   14.583|
mc(5)          |p(5)           |    6.170|
mc(5)          |p(6)           |    8.217|
mc(5)          |p(7)           |   10.253|
mc(5)          |p(8)           |   11.861|
mc(5)          |p(9)           |   12.269|
mc(5)          |p(10)          |   12.568|
mc(5)          |p(11)          |   13.727|
mc(5)          |p(12)          |   14.098|
mc(5)          |p(13)          |   14.511|
mc(5)          |p(14)          |   14.998|
mc(5)          |p(15)          |   15.178|
mc(6)          |p(6)           |    7.075|
mc(6)          |p(7)           |    9.111|
mc(6)          |p(8)           |   10.719|
mc(6)          |p(9)           |   11.486|
mc(6)          |p(10)          |   11.744|
mc(6)          |p(11)          |   12.903|
mc(6)          |p(12)          |   13.274|
mc(6)          |p(13)          |   13.687|
mc(6)          |p(14)          |   14.349|
mc(6)          |p(15)          |   14.354|
mc(7)          |p(7)           |    8.767|
mc(7)          |p(8)           |   10.379|
mc(7)          |p(9)           |   11.082|
mc(7)          |p(10)          |   11.412|
mc(7)          |p(11)          |   12.499|
mc(7)          |p(12)          |   12.870|
mc(7)          |p(13)          |   13.283|
mc(7)          |p(14)          |   14.183|
mc(7)          |p(15)          |   14.007|
mp(0)          |p(0)           |    4.654|
mp(0)          |p(1)           |    4.745|
mp(0)          |p(2)           |    5.239|
mp(0)          |p(3)           |    5.487|
mp(0)          |p(4)           |    6.344|
mp(0)          |p(5)           |    7.405|
mp(0)          |p(6)           |    7.911|
mp(0)          |p(7)           |    9.935|
mp(0)          |p(8)           |   11.543|
mp(0)          |p(9)           |   11.951|
mp(0)          |p(10)          |   12.250|
mp(0)          |p(11)          |   13.409|
mp(0)          |p(12)          |   13.780|
mp(0)          |p(13)          |   14.193|
mp(0)          |p(14)          |   14.680|
mp(0)          |p(15)          |   14.860|
mp(1)          |p(1)           |    4.802|
mp(1)          |p(2)           |    5.448|
mp(1)          |p(3)           |    6.972|
mp(1)          |p(4)           |    7.662|
mp(1)          |p(5)           |    8.723|
mp(1)          |p(6)           |    9.012|
mp(1)          |p(7)           |   10.404|
mp(1)          |p(8)           |   12.012|
mp(1)          |p(9)           |   12.420|
mp(1)          |p(10)          |   12.858|
mp(1)          |p(11)          |   13.878|
mp(1)          |p(12)          |   14.249|
mp(1)          |p(13)          |   14.662|
mp(1)          |p(14)          |   15.512|
mp(1)          |p(15)          |   15.336|
mp(2)          |p(2)           |    3.943|
mp(2)          |p(3)           |    6.481|
mp(2)          |p(4)           |    7.171|
mp(2)          |p(5)           |    8.232|
mp(2)          |p(6)           |    8.521|
mp(2)          |p(7)           |    9.913|
mp(2)          |p(8)           |   11.521|
mp(2)          |p(9)           |   11.929|
mp(2)          |p(10)          |   12.367|
mp(2)          |p(11)          |   13.387|
mp(2)          |p(12)          |   13.758|
mp(2)          |p(13)          |   14.171|
mp(2)          |p(14)          |   15.021|
mp(2)          |p(15)          |   14.845|
mp(3)          |p(3)           |    7.253|
mp(3)          |p(4)           |    7.943|
mp(3)          |p(5)           |    9.004|
mp(3)          |p(6)           |    9.293|
mp(3)          |p(7)           |   10.685|
mp(3)          |p(8)           |   12.293|
mp(3)          |p(9)           |   12.701|
mp(3)          |p(10)          |   13.139|
mp(3)          |p(11)          |   14.159|
mp(3)          |p(12)          |   14.530|
mp(3)          |p(13)          |   14.943|
mp(3)          |p(14)          |   15.793|
mp(3)          |p(15)          |   15.617|
mp(4)          |p(4)           |    5.157|
mp(4)          |p(5)           |    6.749|
mp(4)          |p(6)           |    7.529|
mp(4)          |p(7)           |    8.809|
mp(4)          |p(8)           |   10.417|
mp(4)          |p(9)           |   10.825|
mp(4)          |p(10)          |   11.124|
mp(4)          |p(11)          |   12.283|
mp(4)          |p(12)          |   12.654|
mp(4)          |p(13)          |   13.067|
mp(4)          |p(14)          |   13.554|
mp(4)          |p(15)          |   13.734|
mp(5)          |p(5)           |    7.298|
mp(5)          |p(6)           |    8.078|
mp(5)          |p(7)           |    9.358|
mp(5)          |p(8)           |   10.966|
mp(5)          |p(9)           |   11.374|
mp(5)          |p(10)          |   11.673|
mp(5)          |p(11)          |   12.832|
mp(5)          |p(12)          |   13.203|
mp(5)          |p(13)          |   13.616|
mp(5)          |p(14)          |   14.103|
mp(5)          |p(15)          |   14.283|
mp(6)          |p(6)           |    4.562|
mp(6)          |p(7)           |    6.143|
mp(6)          |p(8)           |    7.187|
mp(6)          |p(9)           |    7.754|
mp(6)          |p(10)          |    7.944|
mp(6)          |p(11)          |    8.617|
mp(6)          |p(12)          |    8.769|
mp(6)          |p(13)          |    9.182|
mp(6)          |p(14)          |    9.669|
mp(6)          |p(15)          |    9.849|
mp(7)          |p(7)           |    6.892|
mp(7)          |p(8)           |    7.936|
mp(7)          |p(9)           |    8.503|
mp(7)          |p(10)          |    8.693|
mp(7)          |p(11)          |    9.366|
mp(7)          |p(12)          |    9.519|
mp(7)          |p(13)          |    9.932|
mp(7)          |p(14)          |   10.419|
mp(7)          |p(15)          |   10.599|
---------------+---------------+---------+


Analysis completed Mon Dec  6 12:11:08 2021 
--------------------------------------------------------------------------------

Trace Settings:
-------------------------
Trace Settings 

Peak Memory Usage: 274 MB



